2025-04-29 17:46:15,574 [INFO] Activator:176 - 


2025-04-29 17:46:15,580 [INFO] Activator:177 - !SESSION log4j initialized
2025-04-29 17:46:22,417 [INFO] LogOutputStream:77 - [STDOUT_REDIRECT] 
2025-04-29 17:46:24,034 [INFO] ApplicationProperties:184 - Using Application install path: C:\Users\cloeg\Downloads\STM32CubeIDE_1.18.0\STM32CubeIDE\plugins\com.st.stm32cube.common.mx_6.14.0.202502271554
2025-04-29 17:46:24,051 [INFO] DbMcusXml:78 - Set database path to: C:\Users\cloeg\Downloads\STM32CubeIDE_1.18.0\STM32CubeIDE\plugins\com.st.stm32cube.common.mx_6.14.0.202502271554\\db\/mcu/
2025-04-29 17:46:24,051 [INFO] ApiDb:274 - Set plugin database path to: C:\Users\cloeg\Downloads\STM32CubeIDE_1.18.0\STM32CubeIDE\plugins\com.st.stm32cube.common.mx_6.14.0.202502271554\\db\/plugins/boardmanager/
2025-04-29 17:46:24,052 [WARN] ApiDb:259 - Overriding images path with different value:  => C:\Users\cloeg\Downloads\STM32CubeIDE_1.18.0\STM32CubeIDE\plugins\com.st.stm32cube.common.mx_6.14.0.202502271554\\db\/plugins/mcufinder/images/
2025-04-29 17:46:24,062 [INFO] ApiDb:250 - Set database path to: C:\Users\cloeg\.stmcufinder\plugins\mcufinder//mcu/
2025-04-29 17:46:24,063 [INFO] DbMcusAds:125 - Set database path to: C:\Users\cloeg\.stmcufinder\plugins\mcufinder//mcu/
2025-04-29 17:46:24,065 [INFO] CrossReferenceDbSqlite:203 - Set database path to: C:\Users\cloeg\.stmcufinder\plugins\mcufinder//mcu/cs/
2025-04-29 17:46:24,186 [INFO] RulesReader:64 - Compatibility file has been processed (301 Rules)
2025-04-29 17:46:24,290 [INFO] DbMcusXml:78 - Set database path to: C:\Users\cloeg\Downloads\STM32CubeIDE_1.18.0\STM32CubeIDE\plugins\com.st.stm32cube.common.mx_6.14.0.202502271554\\db\/mcu/
2025-04-29 17:46:24,290 [INFO] ApiDb:274 - Set plugin database path to: C:\Users\cloeg\Downloads\STM32CubeIDE_1.18.0\STM32CubeIDE\plugins\com.st.stm32cube.common.mx_6.14.0.202502271554\\db\/plugins/boardmanager/
2025-04-29 17:46:24,290 [INFO] ApiDb:261 - Set plugin images path to: C:\Users\cloeg\Downloads\STM32CubeIDE_1.18.0\STM32CubeIDE\plugins\com.st.stm32cube.common.mx_6.14.0.202502271554\\db\/plugins/mcufinder/images/
2025-04-29 17:46:24,291 [WARN] DbFile:41 - Overriding database path with different value: C:\Users\cloeg\.stmcufinder\plugins\mcufinder/ => C:\Users\cloeg\.stmcufinder\plugins\mcufinder
2025-04-29 17:46:24,291 [INFO] ApiDb:250 - Set database path to: C:\Users\cloeg\.stmcufinder\plugins\mcufinder//mcu/
2025-04-29 17:46:24,291 [WARN] DbFile:41 - Overriding database path with different value: C:\Users\cloeg\.stmcufinder\plugins\mcufinder/ => C:\Users\cloeg\.stmcufinder\plugins\mcufinder
2025-04-29 17:46:24,291 [INFO] DbMcusAds:125 - Set database path to: C:\Users\cloeg\.stmcufinder\plugins\mcufinder//mcu/
2025-04-29 17:46:24,291 [WARN] DbFile:41 - Overriding database path with different value: C:\Users\cloeg\.stmcufinder\plugins\mcufinder/ => C:\Users\cloeg\.stmcufinder\plugins\mcufinder
2025-04-29 17:46:24,291 [WARN] DbFile:41 - Overriding database path with different value: C:\Users\cloeg\.stmcufinder\plugins\mcufinder/ => C:\Users\cloeg\.stmcufinder\plugins\mcufinder
2025-04-29 17:46:24,291 [INFO] CrossReferenceDbSqlite:203 - Set database path to: C:\Users\cloeg\.stmcufinder\plugins\mcufinder//mcu/cs/
2025-04-29 17:46:24,382 [INFO] MainPanel:272 - HeapMemory: 268435456
2025-04-29 17:46:24,508 [INFO] DbMcusXml:78 - Set database path to: C:\Users\cloeg\Downloads\STM32CubeIDE_1.18.0\STM32CubeIDE\plugins\com.st.stm32cube.common.mx_6.14.0.202502271554\\db\/mcu/
2025-04-29 17:46:24,509 [INFO] ApiDb:274 - Set plugin database path to: C:\Users\cloeg\Downloads\STM32CubeIDE_1.18.0\STM32CubeIDE\plugins\com.st.stm32cube.common.mx_6.14.0.202502271554\\db\/plugins/boardmanager/
2025-04-29 17:46:24,509 [INFO] ApiDb:261 - Set plugin images path to: C:\Users\cloeg\Downloads\STM32CubeIDE_1.18.0\STM32CubeIDE\plugins\com.st.stm32cube.common.mx_6.14.0.202502271554\\db\/plugins/mcufinder/images/
2025-04-29 17:46:24,509 [WARN] DbFile:41 - Overriding database path with different value: C:\Users\cloeg\.stmcufinder\plugins\mcufinder/ => C:\Users\cloeg\.stmcufinder\plugins\mcufinder
2025-04-29 17:46:24,509 [INFO] ApiDb:250 - Set database path to: C:\Users\cloeg\.stmcufinder\plugins\mcufinder//mcu/
2025-04-29 17:46:24,509 [WARN] DbFile:41 - Overriding database path with different value: C:\Users\cloeg\.stmcufinder\plugins\mcufinder/ => C:\Users\cloeg\.stmcufinder\plugins\mcufinder
2025-04-29 17:46:24,509 [INFO] DbMcusAds:125 - Set database path to: C:\Users\cloeg\.stmcufinder\plugins\mcufinder//mcu/
2025-04-29 17:46:24,510 [WARN] DbFile:41 - Overriding database path with different value: C:\Users\cloeg\.stmcufinder\plugins\mcufinder/ => C:\Users\cloeg\.stmcufinder\plugins\mcufinder
2025-04-29 17:46:24,510 [WARN] DbFile:41 - Overriding database path with different value: C:\Users\cloeg\.stmcufinder\plugins\mcufinder/ => C:\Users\cloeg\.stmcufinder\plugins\mcufinder
2025-04-29 17:46:24,510 [INFO] CrossReferenceDbSqlite:203 - Set database path to: C:\Users\cloeg\.stmcufinder\plugins\mcufinder//mcu/cs/
2025-04-29 17:46:24,537 [INFO] ApplicationProperties:184 - Using Application install path: C:\Users\cloeg\Downloads\STM32CubeIDE_1.18.0\STM32CubeIDE\plugins\com.st.stm32cube.common.mx_6.14.0.202502271554
2025-04-29 17:46:24,538 [INFO] PluginManage:196 - Search for loadable plugins [exclusion list=, ]
2025-04-29 17:46:24,540 [INFO] PluginManage:310 - Check plugin analytics
2025-04-29 17:46:24,802 [INFO] AnalyticsPlugin:253 - Accepted Software Licenses: 
2025-04-29 17:46:24,802 [INFO] AnalyticsPlugin:255 - Accepted CMSIS Pack Licenses: 
2025-04-29 17:46:24,803 [INFO] AnalyticsPlugin:257 - Accepted Firmware Licenses: 
2025-04-29 17:46:24,808 [INFO] PluginManage:359 - Loaded plugin analytics (category:tool,tabindex:-1)
2025-04-29 17:46:24,808 [INFO] PluginManage:310 - Check plugin cadmodel
2025-04-29 17:46:24,817 [INFO] CADModel:105 - Init CAD model plugin
2025-04-29 17:46:24,817 [INFO] PluginManage:359 - Loaded plugin cadmodel (category:power,tabindex:5)
2025-04-29 17:46:24,817 [INFO] PluginManage:310 - Check plugin clock
2025-04-29 17:46:24,836 [INFO] PluginManage:359 - Loaded plugin clock (category:base,tabindex:2)
2025-04-29 17:46:24,836 [INFO] PluginManage:310 - Check plugin ddr
2025-04-29 17:46:24,841 [INFO] PluginManage:359 - Loaded plugin ddr (category:tool,tabindex:6)
2025-04-29 17:46:24,841 [INFO] PluginManage:310 - Check plugin filemanager
2025-04-29 17:46:25,012 [INFO] PluginManage:359 - Loaded plugin filemanager (category:base,tabindex:10)
2025-04-29 17:46:25,013 [INFO] PluginManage:310 - Check plugin ipmanager
2025-04-29 17:46:25,020 [INFO] PluginManage:359 - Loaded plugin ipmanager (category:base,tabindex:5)
2025-04-29 17:46:25,020 [INFO] PluginManage:310 - Check plugin lpbam
2025-04-29 17:46:25,030 [INFO] PluginManage:359 - Loaded plugin lpbam (category:base,tabindex:0)
2025-04-29 17:46:25,030 [INFO] PluginManage:310 - Check plugin memorymap
2025-04-29 17:46:25,045 [INFO] PluginManage:359 - Loaded plugin memorymap (category:base,tabindex:4)
2025-04-29 17:46:25,045 [INFO] PluginManage:310 - Check plugin pinoutandconfiguration
2025-04-29 17:46:25,054 [INFO] PluginManage:359 - Loaded plugin pinoutandconfiguration (category:base,tabindex:1)
2025-04-29 17:46:25,055 [INFO] PluginManage:310 - Check plugin pinoutconfig
2025-04-29 17:46:25,149 [WARN] SupportedApi:132 - Cannot load RTOS API schema: s4s-elt-must-match.1: The content of 'definitions' must match (annotation?, (simpleType | complexType)?, (unique | key | keyref)*)). A problem was found starting at: attribute.
2025-04-29 17:46:25,327 [INFO] PluginManage:359 - Loaded plugin pinoutconfig (category:base,tabindex:0)
2025-04-29 17:46:25,327 [INFO] PluginManage:310 - Check plugin power
2025-04-29 17:46:25,340 [INFO] PluginManage:359 - Loaded plugin power (category:power,tabindex:4)
2025-04-29 17:46:25,340 [INFO] PluginManage:310 - Check plugin projectmanager
2025-04-29 17:46:25,358 [INFO] PluginManage:359 - Loaded plugin projectmanager (category:projectmanager,tabindex:4)
2025-04-29 17:46:25,359 [INFO] PluginManage:310 - Check plugin rif
2025-04-29 17:46:25,367 [INFO] PluginManage:359 - Loaded plugin rif (category:base,tabindex:3)
2025-04-29 17:46:25,367 [INFO] PluginManage:310 - Check plugin thirdparty
2025-04-29 17:46:25,516 [INFO] PluginManage:359 - Loaded plugin thirdparty (category:base,tabindex:-1)
2025-04-29 17:46:25,516 [WARN] IntegrityCheckThread:84 - waiting for thirdparty lock release [integrity check]
2025-04-29 17:46:25,517 [INFO] PluginManage:310 - Check plugin tools
2025-04-29 17:46:25,517 [INFO] IntegrityCheckThread:86 - entering critical section [integrity check]
2025-04-29 17:46:25,517 [INFO] ThirdPartyUpdaterWithRetryManager:70 - Updater plugin not ready yet. [1/15]
2025-04-29 17:46:25,520 [INFO] PluginManage:359 - Loaded plugin tools (category:base,tabindex:7)
2025-04-29 17:46:25,520 [INFO] PluginManage:310 - Check plugin tutovideos
2025-04-29 17:46:25,714 [INFO] PluginManage:359 - Loaded plugin tutovideos (category:base,tabindex:-1)
2025-04-29 17:46:25,714 [INFO] PluginManage:310 - Check plugin updater
2025-04-29 17:46:25,736 [INFO] PluginManage:359 - Loaded plugin updater (category:base,tabindex:12)
2025-04-29 17:46:25,737 [INFO] PluginManage:310 - Check plugin userauth
2025-04-29 17:46:25,741 [INFO] UserAuth:118 - Init User Auth plugin
2025-04-29 17:46:25,742 [INFO] PluginManage:359 - Loaded plugin userauth (category:base,tabindex:14)
2025-04-29 17:46:25,742 [INFO] PluginManage:283 - PluginManage : Loaded plugins [18]
2025-04-29 17:46:25,966 [INFO] PinOutPanel:1589 - setPackage(No Configuration,No Configuration)
2025-04-29 17:46:26,059 [INFO] CADModel:165 - CPN selected for project level
2025-04-29 17:46:26,059 [INFO] CADModel:114 - Register for checkConnection events
2025-04-29 17:46:26,082 [INFO] IPUIPlugin:80 - create IPUIPlugin
2025-04-29 17:46:26,082 [INFO] PluginManager:220 - loadIPPluginJar : add adc
2025-04-29 17:46:26,086 [INFO] IPUIPlugin:80 - create IPUIPlugin
2025-04-29 17:46:26,086 [INFO] PluginManager:220 - loadIPPluginJar : add aes
2025-04-29 17:46:26,090 [INFO] IPUIPlugin:80 - create IPUIPlugin
2025-04-29 17:46:26,090 [INFO] PluginManager:220 - loadIPPluginJar : add can
2025-04-29 17:46:26,092 [INFO] IPUIPlugin:80 - create IPUIPlugin
2025-04-29 17:46:26,092 [INFO] PluginManager:220 - loadIPPluginJar : add comp
2025-04-29 17:46:26,095 [INFO] IPUIPlugin:80 - create IPUIPlugin
2025-04-29 17:46:26,096 [INFO] PluginManager:220 - loadIPPluginJar : add cryp
2025-04-29 17:46:26,099 [INFO] IPUIPlugin:80 - create IPUIPlugin
2025-04-29 17:46:26,099 [INFO] PluginManager:220 - loadIPPluginJar : add ddr_ctrl_phy
2025-04-29 17:46:26,103 [INFO] IPUIPlugin:80 - create IPUIPlugin
2025-04-29 17:46:26,103 [INFO] PluginManager:220 - loadIPPluginJar : add dfsdm
2025-04-29 17:46:26,110 [INFO] IPUIPlugin:80 - create IPUIPlugin
2025-04-29 17:46:26,110 [INFO] PluginManager:220 - loadIPPluginJar : add dma
2025-04-29 17:46:26,114 [INFO] IPUIPlugin:80 - create IPUIPlugin
2025-04-29 17:46:26,114 [INFO] PluginManager:220 - loadIPPluginJar : add dma3
2025-04-29 17:46:26,119 [INFO] IPUIPlugin:80 - create IPUIPlugin
2025-04-29 17:46:26,119 [INFO] PluginManager:220 - loadIPPluginJar : add extmemmanager
2025-04-29 17:46:26,121 [INFO] IPUIPlugin:80 - create IPUIPlugin
2025-04-29 17:46:26,121 [INFO] PluginManager:220 - loadIPPluginJar : add fatfs
2025-04-29 17:46:26,127 [INFO] IPUIPlugin:80 - create IPUIPlugin
2025-04-29 17:46:26,127 [INFO] PluginManager:220 - loadIPPluginJar : add fmc
2025-04-29 17:46:26,133 [INFO] IPUIPlugin:80 - create IPUIPlugin
2025-04-29 17:46:26,133 [INFO] PluginManager:220 - loadIPPluginJar : add freertos
2025-04-29 17:46:26,135 [INFO] IPUIPlugin:80 - create IPUIPlugin
2025-04-29 17:46:26,135 [INFO] PluginManager:220 - loadIPPluginJar : add genericplugin
2025-04-29 17:46:26,139 [INFO] IPUIPlugin:80 - create IPUIPlugin
2025-04-29 17:46:26,139 [INFO] PluginManager:220 - loadIPPluginJar : add gfxmmu
2025-04-29 17:46:26,145 [INFO] IPUIPlugin:80 - create IPUIPlugin
2025-04-29 17:46:26,145 [INFO] PluginManager:220 - loadIPPluginJar : add gic
2025-04-29 17:46:26,150 [INFO] IPUIPlugin:80 - create IPUIPlugin
2025-04-29 17:46:26,150 [INFO] PluginManager:220 - loadIPPluginJar : add gpio
2025-04-29 17:46:26,155 [INFO] IPUIPlugin:80 - create IPUIPlugin
2025-04-29 17:46:26,155 [INFO] PluginManager:220 - loadIPPluginJar : add gtzc
2025-04-29 17:46:26,159 [INFO] IPUIPlugin:80 - create IPUIPlugin
2025-04-29 17:46:26,159 [INFO] PluginManager:220 - loadIPPluginJar : add hash
2025-04-29 17:46:26,163 [INFO] IPUIPlugin:80 - create IPUIPlugin
2025-04-29 17:46:26,163 [INFO] PluginManager:220 - loadIPPluginJar : add i2c
2025-04-29 17:46:26,166 [INFO] IPUIPlugin:80 - create IPUIPlugin
2025-04-29 17:46:26,166 [INFO] PluginManager:220 - loadIPPluginJar : add i2s
2025-04-29 17:46:26,170 [INFO] IPUIPlugin:80 - create IPUIPlugin
2025-04-29 17:46:26,170 [INFO] PluginManager:220 - loadIPPluginJar : add i3c
2025-04-29 17:46:26,175 [INFO] IPUIPlugin:80 - create IPUIPlugin
2025-04-29 17:46:26,175 [INFO] PluginManager:220 - loadIPPluginJar : add ipddr
2025-04-29 17:46:26,185 [INFO] IPUIPlugin:80 - create IPUIPlugin
2025-04-29 17:46:26,185 [INFO] PluginManager:220 - loadIPPluginJar : add linkedlist
2025-04-29 17:46:26,190 [INFO] IPUIPlugin:80 - create IPUIPlugin
2025-04-29 17:46:26,190 [INFO] PluginManager:220 - loadIPPluginJar : add lorawan
2025-04-29 17:46:26,193 [INFO] IPUIPlugin:80 - create IPUIPlugin
2025-04-29 17:46:26,193 [INFO] PluginManager:220 - loadIPPluginJar : add ltdc
2025-04-29 17:46:26,199 [INFO] IPUIPlugin:80 - create IPUIPlugin
2025-04-29 17:46:26,199 [INFO] PluginManager:220 - loadIPPluginJar : add mdma
2025-04-29 17:46:26,205 [INFO] IPUIPlugin:80 - create IPUIPlugin
2025-04-29 17:46:26,205 [INFO] PluginManager:220 - loadIPPluginJar : add nvic
2025-04-29 17:46:26,209 [INFO] IPUIPlugin:80 - create IPUIPlugin
2025-04-29 17:46:26,209 [INFO] PluginManager:220 - loadIPPluginJar : add opamp
2025-04-29 17:46:26,214 [INFO] IPUIPlugin:80 - create IPUIPlugin
2025-04-29 17:46:26,214 [INFO] PluginManager:220 - loadIPPluginJar : add openamp
2025-04-29 17:46:26,218 [INFO] IPUIPlugin:80 - create IPUIPlugin
2025-04-29 17:46:26,218 [INFO] PluginManager:220 - loadIPPluginJar : add pdm2pcm
2025-04-29 17:46:26,225 [INFO] IPUIPlugin:80 - create IPUIPlugin
2025-04-29 17:46:26,230 [INFO] PluginManager:220 - loadIPPluginJar : add plateformsettings
2025-04-29 17:46:26,232 [INFO] IPUIPlugin:80 - create IPUIPlugin
2025-04-29 17:46:26,233 [INFO] PluginManager:220 - loadIPPluginJar : add quadspi
2025-04-29 17:46:26,235 [INFO] IPUIPlugin:80 - create IPUIPlugin
2025-04-29 17:46:26,236 [INFO] PluginManager:220 - loadIPPluginJar : add radio
2025-04-29 17:46:26,241 [INFO] IPUIPlugin:80 - create IPUIPlugin
2025-04-29 17:46:26,241 [INFO] PluginManager:220 - loadIPPluginJar : add resmgrutility
2025-04-29 17:46:26,245 [INFO] IPUIPlugin:80 - create IPUIPlugin
2025-04-29 17:46:26,245 [INFO] PluginManager:220 - loadIPPluginJar : add sai
2025-04-29 17:46:26,248 [INFO] IPUIPlugin:80 - create IPUIPlugin
2025-04-29 17:46:26,248 [INFO] PluginManager:220 - loadIPPluginJar : add spi
2025-04-29 17:46:26,255 [INFO] IPUIPlugin:80 - create IPUIPlugin
2025-04-29 17:46:26,255 [INFO] PluginManager:220 - loadIPPluginJar : add stm32_wpan
2025-04-29 17:46:26,258 [INFO] IPUIPlugin:80 - create IPUIPlugin
2025-04-29 17:46:26,258 [INFO] PluginManager:220 - loadIPPluginJar : add tim
2025-04-29 17:46:26,262 [INFO] IPUIPlugin:80 - create IPUIPlugin
2025-04-29 17:46:26,262 [INFO] PluginManager:220 - loadIPPluginJar : add touchsensing
2025-04-29 17:46:26,265 [INFO] IPUIPlugin:80 - create IPUIPlugin
2025-04-29 17:46:26,265 [INFO] PluginManager:220 - loadIPPluginJar : add tracer_emb
2025-04-29 17:46:26,268 [INFO] IPUIPlugin:80 - create IPUIPlugin
2025-04-29 17:46:26,268 [INFO] PluginManager:220 - loadIPPluginJar : add ts
2025-04-29 17:46:26,270 [INFO] IPUIPlugin:80 - create IPUIPlugin
2025-04-29 17:46:26,271 [INFO] PluginManager:220 - loadIPPluginJar : add tsc
2025-04-29 17:46:26,274 [INFO] IPUIPlugin:80 - create IPUIPlugin
2025-04-29 17:46:26,274 [INFO] PluginManager:220 - loadIPPluginJar : add ucpd
2025-04-29 17:46:26,278 [INFO] IPUIPlugin:80 - create IPUIPlugin
2025-04-29 17:46:26,279 [INFO] PluginManager:220 - loadIPPluginJar : add usart
2025-04-29 17:46:26,284 [INFO] IPUIPlugin:80 - create IPUIPlugin
2025-04-29 17:46:26,285 [INFO] PluginManager:220 - loadIPPluginJar : add usbx
2025-04-29 17:46:26,421 [FATAL] Updater:351 - Updater called before beeing initialized
2025-04-29 17:46:26,450 [INFO] RulesReader:64 - Compatibility file has been processed (301 Rules)
2025-04-29 17:46:26,463 [INFO] RulesReader:64 - Compatibility file has been processed (301 Rules)
2025-04-29 17:46:26,473 [INFO] CADModel:165 - CPN selected for project level
2025-04-29 17:46:26,474 [INFO] CADModel:114 - Register for checkConnection events
2025-04-29 17:46:26,474 [FATAL] Updater:351 - Updater called before beeing initialized
2025-04-29 17:46:26,474 [ERROR] CADModel:125 - Updater not yet initialized, retry later 
2025-04-29 17:46:26,644 [FATAL] Updater:351 - Updater called before beeing initialized
2025-04-29 17:46:26,646 [INFO] CADModel:165 - CPN selected for project level
2025-04-29 17:46:26,646 [INFO] CADModel:114 - Register for checkConnection events
2025-04-29 17:46:26,647 [FATAL] Updater:351 - Updater called before beeing initialized
2025-04-29 17:46:26,647 [ERROR] CADModel:125 - Updater not yet initialized, retry later 
2025-04-29 17:46:26,650 [FATAL] Updater:351 - Updater called before beeing initialized
2025-04-29 17:46:26,762 [FATAL] Updater:351 - Updater called before beeing initialized
2025-04-29 17:46:26,766 [INFO] DbMcusAds:53 - JSON generation date=Thu Mar 06 11:54:22 ART 2025 (1741272862078)
2025-04-29 17:46:26,766 [FATAL] Updater:351 - Updater called before beeing initialized
2025-04-29 17:46:26,808 [WARN] DetailPanel:346 - Failed to get advertising image, set to default
2025-04-29 17:46:27,057 [FATAL] Updater:351 - Updater called before beeing initialized
2025-04-29 17:46:27,059 [FATAL] Updater:351 - Updater called before beeing initialized
2025-04-29 17:46:27,059 [FATAL] Updater:351 - Updater called before beeing initialized
2025-04-29 17:46:27,059 [WARN] DetailPanel:346 - Failed to get advertising image, set to default
2025-04-29 17:46:27,060 [FATAL] Updater:351 - Updater called before beeing initialized
2025-04-29 17:46:27,128 [ERROR] Updater:1198 - MainUpdater not yet initialized. External WinMGr cannot be set.
2025-04-29 17:46:27,131 [INFO] Updater:1134 - Updater Version found : 6.14.0
2025-04-29 17:46:27,152 [INFO] ApplicationProperties:184 - Using Application install path: C:\Users\cloeg\Downloads\STM32CubeIDE_1.18.0\STM32CubeIDE\plugins\com.st.stm32cube.common.mx_6.14.0.202502271554
2025-04-29 17:46:28,518 [INFO] ThirdPartyUpdaterWithRetryManager:70 - Updater plugin not ready yet. [2/15]
2025-04-29 17:46:28,725 [ERROR] LogOutputStream:75 - [STDERR_REDIRECT] Apr 29, 2025 5:46:28 PM java.util.prefs.WindowsPreferences <init>
2025-04-29 17:46:28,727 [ERROR] LogOutputStream:75 - [STDERR_REDIRECT] WARNING: Could not open/create prefs root node Software\JavaSoft\Prefs at root 0xffffffff80000002. Windows RegCreateKeyEx(...) returned error code 5.
2025-04-29 17:46:28,727 [ERROR] LogOutputStream:75 - [STDERR_REDIRECT] 
2025-04-29 17:46:29,074 [INFO] MainUpdater:2872 - connection check result : 10
2025-04-29 17:46:29,074 [INFO] MainUpdater:3566 - Updater definition file requires update
2025-04-29 17:46:29,075 [INFO] MainUpdater:289 - Updater Check For Update Now.
2025-04-29 17:46:29,075 [INFO] MicroXplorer:498 - Change Database Version : DB.6.0.140
2025-04-29 17:46:29,081 [INFO] McuFinderGlobals:63 - Set McuFinder mode to 2 (CubeIDE integrated)
2025-04-29 17:46:29,081 [INFO] UserAuth:171 - activating auth plugin
2025-04-29 17:46:29,084 [INFO] UserAuth:486 - Internet connection configuration mode: 1
2025-04-29 17:46:29,104 [INFO] JxBrowserEngine:152 - Initiate JxBrowser Engine with user profile folder
2025-04-29 17:46:30,145 [INFO] WebApp:169 - Instantiating new browser for Auth
2025-04-29 17:46:30,616 [INFO] ServerAccessManage:473 - Download File updaters.zip
2025-04-29 17:46:30,806 [INFO] FileExtend:242 - Unzip File : updaters.zip
2025-04-29 17:46:30,807 [INFO] FileExtend:257 - Standard Zip Deflate
2025-04-29 17:46:31,319 [INFO] WebApp:463 - Apply proxy settings
2025-04-29 17:46:31,319 [INFO] WebApp:548 - Chromium requires no authentication
2025-04-29 17:46:31,347 [INFO] WebApp:491 - Direct internet connection detected
2025-04-29 17:46:31,421 [INFO] WebApp:894 - Register for checkConnection events
2025-04-29 17:46:31,422 [INFO] WebApp:463 - Apply proxy settings
2025-04-29 17:46:31,422 [INFO] WebApp:548 - Chromium requires no authentication
2025-04-29 17:46:31,422 [INFO] WebApp:491 - Direct internet connection detected
2025-04-29 17:46:31,519 [WARN] MainUpdater:1193 - Updater busy. Cannot search thirdparties
2025-04-29 17:46:31,519 [INFO] ThirdPartyUpdaterWithRetryManager:96 - Updater plugin is busy. [1/15]
2025-04-29 17:46:31,593 [INFO] WebApp:191 - Connection restablished
2025-04-29 17:46:31,711 [INFO] WebApp:225 - Starting web application
2025-04-29 17:46:31,711 [INFO] WebApp:593 - Web application path used C:\Users\cloeg\Downloads\STM32CubeIDE_1.18.0\STM32CubeIDE\plugins\com.st.stm32cube.common.mx_6.14.0.202502271554\db\plugins\mcufinder\reactClient1\index.html
2025-04-29 17:46:32,334 [INFO] ServerAccessManage:473 - Download File PacksControlFlags.xml
2025-04-29 17:46:34,349 [INFO] ServerAccessManage:473 - Download File cubemx.pidx
2025-04-29 17:46:34,486 [INFO] LoadServerUpdatesThread:375 - End of LoadServerUpdate Thread
2025-04-29 17:46:34,520 [WARN] MainUpdater:1193 - Updater busy. Cannot search thirdparties
2025-04-29 17:46:34,520 [INFO] ThirdPartyUpdaterWithRetryManager:96 - Updater plugin is busy. [2/15]
2025-04-29 17:46:34,678 [INFO] CheckServerUpdateThread:120 - End of CheckServer Thread
2025-04-29 17:46:37,810 [WARN] PackLoader:240 - Cannot read IP mode file for STMicroelectronics.FP-SNS-MOTENVWB1.1.4.0
2025-04-29 17:46:37,826 [WARN] PackLoader:240 - Cannot read IP mode file for STMicroelectronics.FP-ATR-ASTRA1.2.0.2
2025-04-29 17:46:37,839 [WARN] PackLoader:240 - Cannot read IP mode file for STMicroelectronics.X-CUBE-SMBUS.2.1.0
2025-04-29 17:46:37,850 [WARN] PackLoader:240 - Cannot read IP mode file for STMicroelectronics.X-CUBE-WB05N.1.1.0
2025-04-29 17:46:37,895 [WARN] PackLoader:240 - Cannot read IP mode file for STMicroelectronics.X-CUBE-AZRTOS-F7.1.1.0
2025-04-29 17:46:37,940 [WARN] PackLoader:240 - Cannot read IP mode file for Infineon.AIROC-Wi-Fi-Bluetooth-STM32.1.7.0
2025-04-29 17:46:37,964 [WARN] PackLoader:240 - Cannot read IP mode file for STMicroelectronics.X-CUBE-DISPLAY.3.0.0
2025-04-29 17:46:37,980 [WARN] PackLoader:240 - Cannot read IP mode file for STMicroelectronics.X-CUBE-NFC10.1.0.0
2025-04-29 17:46:38,000 [WARN] PackLoader:240 - Cannot read IP mode file for STMicroelectronics.X-CUBE-BLEMGR.4.0.0
2025-04-29 17:46:38,013 [WARN] PackLoader:240 - Cannot read IP mode file for emotas.I-CUBE-CANOPEN.1.3.0
2025-04-29 17:46:38,022 [WARN] ConditionMgr:438 - getConditionDescription Invalid condition id : Cortex-A Device cause : null
2025-04-29 17:46:38,038 [WARN] ConditionMgr:1044 - genDependencies : Invalid condition id : Cortex-A Device cause : null
2025-04-29 17:46:38,038 [WARN] ConditionMgr:1044 - genDependencies : Invalid condition id : Cortex-A Device cause : null
2025-04-29 17:46:38,038 [WARN] ConditionMgr:1044 - genDependencies : Invalid condition id : Cortex-A Device cause : null
2025-04-29 17:46:38,044 [WARN] PackLoader:240 - Cannot read IP mode file for STMicroelectronics.X-CUBE-AI.10.0.0
2025-04-29 17:46:38,054 [WARN] PackLoader:240 - Cannot read IP mode file for STMicroelectronics.FP-SNS-SMARTAG2.1.2.0
2025-04-29 17:46:38,061 [WARN] PackLoader:240 - Cannot read IP mode file for STMicroelectronics.FP-SNS-FLIGHT1.5.1.0
2025-04-29 17:46:38,134 [WARN] PackLoader:240 - Cannot read IP mode file for STMicroelectronics.X-CUBE-MEMS1.11.1.0
2025-04-29 17:46:38,341 [INFO] LogOutputStream:77 - [STDOUT_REDIRECT] 1 : Invalid condition id : UX_CORESTACK_Condition cause : null
2025-04-29 17:46:38,342 [INFO] LogOutputStream:77 - [STDOUT_REDIRECT] 1 : Invalid condition id : UX_CORESTACK_Condition cause : null
2025-04-29 17:46:38,344 [INFO] LogOutputStream:77 - [STDOUT_REDIRECT] 1 : Invalid condition id : UX_CORESTACK_Condition cause : null
2025-04-29 17:46:38,346 [INFO] LogOutputStream:77 - [STDOUT_REDIRECT] 1 : Invalid condition id : UX_CORESTACK_Condition cause : null
2025-04-29 17:46:38,351 [INFO] LogOutputStream:77 - [STDOUT_REDIRECT] 1 : Invalid condition id : UX_CORESTACK_Condition cause : null
2025-04-29 17:46:38,355 [WARN] PackLoader:240 - Cannot read IP mode file for STMicroelectronics.X-CUBE-AZRTOS-WL.2.0.0
2025-04-29 17:46:38,365 [WARN] PackLoader:240 - Cannot read IP mode file for STMicroelectronics.FP-SNS-MOTENV1.5.0.0
2025-04-29 17:46:38,378 [WARN] PackLoader:240 - Cannot read IP mode file for WES.I-CUBE-Cesium.1.3.0
2025-04-29 17:46:38,386 [WARN] PackLoader:240 - Cannot read IP mode file for STMicroelectronics.X-CUBE-BLE2.3.3.0
2025-04-29 17:46:38,395 [WARN] PackLoader:240 - Cannot read IP mode file for STMicroelectronics.X-CUBE-NFC9.1.0.0
2025-04-29 17:46:38,407 [WARN] PackLoader:240 - Cannot read IP mode file for STMicroelectronics.X-CUBE-BLE1.7.1.0
2025-04-29 17:46:38,416 [WARN] PackLoader:240 - Cannot read IP mode file for wolfSSL.I-CUBE-wolfMQTT.1.19.2
2025-04-29 17:46:38,484 [WARN] PackLoader:240 - Cannot read IP mode file for STMicroelectronics.X-CUBE-MEMS1.11.2.0
2025-04-29 17:46:38,645 [WARN] PackLoader:240 - Cannot read IP mode file for STMicroelectronics.X-CUBE-AZRTOS-G0.1.1.0
2025-04-29 17:46:38,655 [WARN] PackLoader:240 - Cannot read IP mode file for STMicroelectronics.X-CUBE-SAFEA1.1.2.2
2025-04-29 17:46:38,663 [WARN] PackLoader:240 - Cannot read IP mode file for STMicroelectronics.X-CUBE-NFC4.3.0.0
2025-04-29 17:46:38,673 [WARN] PackLoader:240 - Cannot read IP mode file for EmbeddedOffice.I-CUBE-FS-RTOS.1.0.1
2025-04-29 17:46:38,679 [WARN] PackLoader:240 - Cannot read IP mode file for STMicroelectronics.X-CUBE-WB05N.2.0.0
2025-04-29 17:46:38,687 [WARN] PackLoader:240 - Cannot read IP mode file for wolfSSL.I-CUBE-wolfTPM.3.8.0
2025-04-29 17:46:38,696 [WARN] PackLoader:240 - Cannot read IP mode file for STMicroelectronics.X-CUBE-TCPP.4.2.0
2025-04-29 17:46:38,705 [WARN] PackLoader:240 - Cannot read IP mode file for RealThread.X-CUBE-RT-Thread_Nano.4.1.1
2025-04-29 17:46:38,712 [WARN] PackLoader:240 - Cannot read IP mode file for STMicroelectronics.FP-ATR-SIGFOX1.3.2.0
2025-04-29 17:46:38,721 [WARN] PackLoader:240 - Cannot read IP mode file for STMicroelectronics.X-CUBE-EEPRMA1.5.1.0
2025-04-29 17:46:38,728 [WARN] PackLoader:240 - Cannot read IP mode file for wolfSSL.I-CUBE-wolfSSL.5.7.6
2025-04-29 17:46:38,737 [WARN] PackLoader:240 - Cannot read IP mode file for ITTIA_DB.I-CUBE-ITTIADB.8.9.0
2025-04-29 17:46:38,769 [WARN] PackLoader:240 - Cannot read IP mode file for SEGGER.I-CUBE-embOS.1.3.1
2025-04-29 17:46:38,808 [WARN] PackLoader:240 - Cannot read IP mode file for STMicroelectronics.X-CUBE-ALGOBUILD.1.4.0
2025-04-29 17:46:38,827 [WARN] PackLoader:240 - Cannot read IP mode file for STMicroelectronics.X-CUBE-AZRTOS-F4.1.1.0
2025-04-29 17:46:38,839 [WARN] PackLoader:240 - Cannot read IP mode file for Avnet-IotConnect.X-CUBE-IoTC-DA16k-PMOD.1.0.0
2025-04-29 17:46:38,845 [WARN] PackLoader:240 - Cannot read IP mode file for STMicroelectronics.X-CUBE-ISPU.2.1.0
2025-04-29 17:46:38,867 [WARN] PackLoader:240 - Cannot read IP mode file for STMicroelectronics.X-CUBE-AZRTOS-L5.2.0.0
2025-04-29 17:46:38,878 [WARN] PackLoader:240 - Cannot read IP mode file for STMicroelectronics.X-CUBE-NFC6.3.1.0
2025-04-29 17:46:38,888 [WARN] PackLoader:240 - Cannot read IP mode file for STMicroelectronics.X-CUBE-DPower.1.2.0
2025-04-29 17:46:38,894 [WARN] PackLoader:240 - Cannot read IP mode file for STMicroelectronics.X-CUBE-FREERTOS.1.3.0
2025-04-29 17:46:38,904 [WARN] PackLoader:240 - Cannot read IP mode file for STMicroelectronics.X-CUBE-NFC7.1.0.1
2025-04-29 17:46:38,909 [WARN] PackLoader:240 - Cannot read IP mode file for STMicroelectronics.X-CUBE-DPower.1.3.0
2025-04-29 17:46:38,928 [WARN] ConditionMgr:438 - getConditionDescription Invalid condition id : LAN8742 Phy interface Condition cause : null
2025-04-29 17:46:38,929 [WARN] PackLoader:240 - Cannot read IP mode file for STMicroelectronics.X-CUBE-AZRTOS-L4.2.0.0
2025-04-29 17:46:38,931 [WARN] ConditionMgr:1044 - genDependencies : Invalid condition id : LAN8742 Phy interface Condition cause : null
2025-04-29 17:46:38,931 [WARN] ConditionMgr:1044 - genDependencies : Invalid condition id : LAN8742 Phy interface Condition cause : null
2025-04-29 17:46:38,932 [WARN] ConditionMgr:1044 - genDependencies : Invalid condition id : LAN8742 Phy interface Condition cause : null
2025-04-29 17:46:38,942 [WARN] PackLoader:240 - Cannot read IP mode file for STMicroelectronics.X-CUBE-SFXS2LP1.4.0.0
2025-04-29 17:46:38,965 [WARN] PackLoader:240 - Cannot read IP mode file for STMicroelectronics.X-CUBE-AZRTOS-H7.3.3.0
2025-04-29 17:46:38,981 [WARN] ConditionMgr:438 - getConditionDescription Invalid condition id : UX DEVICE CLASS RTOS Condition cause : null
2025-04-29 17:46:38,982 [WARN] ConditionMgr:438 - getConditionDescription Invalid condition id : UX DEVICE CLASS RTOS Condition cause : null
2025-04-29 17:46:38,984 [WARN] PackLoader:240 - Cannot read IP mode file for STMicroelectronics.X-CUBE-AZRTOS-WB.2.0.0
2025-04-29 17:46:38,985 [WARN] ConditionMgr:1044 - genDependencies : Invalid condition id : UX DEVICE CLASS RTOS Condition cause : null
2025-04-29 17:46:38,985 [WARN] ConditionMgr:1044 - genDependencies : Invalid condition id : UX DEVICE CLASS RTOS Condition cause : null
2025-04-29 17:46:38,985 [WARN] ConditionMgr:1044 - genDependencies : Invalid condition id : UX DEVICE CLASS RTOS Condition cause : null
2025-04-29 17:46:38,986 [WARN] ConditionMgr:1044 - genDependencies : Invalid condition id : UX DEVICE CLASS RTOS Condition cause : null
2025-04-29 17:46:38,986 [WARN] ConditionMgr:1044 - genDependencies : Invalid condition id : UX DEVICE CLASS RTOS Condition cause : null
2025-04-29 17:46:38,993 [WARN] PackLoader:240 - Cannot read IP mode file for STMicroelectronics.X-CUBE-GNSS1.7.0.1
2025-04-29 17:46:39,001 [WARN] PackLoader:240 - Cannot read IP mode file for STMicroelectronics.X-CUBE-TOUCHGFX.4.25.0
2025-04-29 17:46:39,008 [WARN] PackLoader:240 - Cannot read IP mode file for STMicroelectronics.FP-SNS-STBOX1.2.0.0
2025-04-29 17:46:39,024 [WARN] PackLoader:240 - Cannot read IP mode file for STMicroelectronics.X-CUBE-SUBG2.5.0.0
2025-04-29 17:46:39,051 [WARN] PackLoader:240 - Cannot read IP mode file for STMicroelectronics.X-CUBE-AZRTOS-H7RS.1.1.0
2025-04-29 17:46:39,061 [WARN] PackLoader:240 - Cannot read IP mode file for Cesanta.I-CUBE-Mongoose.7.13.0
2025-04-29 17:46:39,082 [WARN] PackLoader:240 - Cannot read IP mode file for STMicroelectronics.X-CUBE-AZRTOS-G4.2.0.0
2025-04-29 17:46:39,090 [WARN] PackLoader:240 - Cannot read IP mode file for wolfSSL.I-CUBE-wolfSSH.1.4.20
2025-04-29 17:46:39,105 [WARN] PackLoader:240 - Cannot read IP mode file for STMicroelectronics.X-CUBE-IPS.3.1.0
2025-04-29 17:46:39,118 [WARN] PackLoader:240 - Cannot read IP mode file for STMicroelectronics.X-CUBE-ALS.1.0.2
2025-04-29 17:46:39,129 [WARN] PackLoader:240 - Cannot read IP mode file for portGmbH.I-Cube-SoM-uGOAL.1.1.0
2025-04-29 17:46:39,147 [WARN] PackLoader:240 - Cannot read IP mode file for STMicroelectronics.X-CUBE-AZRTOS-H7RS.1.0.0
2025-04-29 17:46:39,176 [WARN] PackLoader:240 - Cannot read IP mode file for STMicroelectronics.X-CUBE-TOF1.3.4.2
2025-04-29 17:46:39,206 [WARN] PackLoader:240 - Cannot read IP mode file for STMicroelectronics.X-CUBE-TOF1.3.4.3
2025-04-29 17:46:39,225 [INFO] ThirdParty:978 - Integrity check success = true
2025-04-29 17:46:39,225 [INFO] IntegrityCheckThread:100 - exiting critical section [integrity check]
2025-04-29 17:46:39,225 [INFO] IntegrityCheckThread:103 - End integrity checks thread
2025-04-29 17:47:19,156 [ERROR] LogOutputStream:75 - [STDERR_REDIRECT] 
2025-04-29 17:47:32,463 [INFO] Activator:176 - 


2025-04-29 17:47:32,463 [INFO] Activator:177 - !SESSION log4j initialized
2025-04-29 17:47:38,981 [INFO] LogOutputStream:77 - [STDOUT_REDIRECT] 
